../Core/Src/main.c:145:5:main	216	static
../Core/Src/main.c:249:6:SystemClock_Config	88	static
../Core/Src/main.c:296:13:MX_RTC_Init	8	static
../Core/Src/main.c:359:13:MX_USART3_UART_Init	8	static
../Core/Src/main.c:392:13:MX_GPIO_Init	48	static
../Core/Src/main.c:428:10:get_timestamp	48	static
../Core/Src/main.c:448:6:sntp_set_time	128	static
../Core/Src/main.c:494:1:__io_putchar	16	static
../Core/Src/main.c:504:6:parse_string	64	static
../Core/Src/main.c:569:6:StartWebServerTask	16	static
../Core/Src/main.c:603:6:StartSSIDTask	16	static
../Core/Src/main.c:628:6:StartCronTask	72	static
../Core/Src/main.c:704:6:StartOutputTask	16	static
../Core/Src/main.c:740:6:StartConfigTask	48	static
../Core/Src/main.c:825:6:StartInputTask	352	static
../Core/Src/main.c:873:6:HAL_TIM_PeriodElapsedCallback	16	static
../Core/Src/main.c:890:6:Error_Handler	4	static,ignoring_inline_asm
