../Core/Src/main.c:145:5:main	216	static
../Core/Src/main.c:248:6:SystemClock_Config	88	static
../Core/Src/main.c:295:13:MX_RTC_Init	32	static
../Core/Src/main.c:358:13:MX_USART3_UART_Init	8	static
../Core/Src/main.c:391:13:MX_GPIO_Init	64	static
../Core/Src/main.c:430:10:get_timestamp	48	static
../Core/Src/main.c:450:6:sntp_set_time	128	static
../Core/Src/main.c:496:1:__io_putchar	16	static
../Core/Src/main.c:506:6:parse_string	64	static
../Core/Src/main.c:571:6:StartWebServerTask	16	static
../Core/Src/main.c:604:6:StartSSIDTask	16	static
../Core/Src/main.c:629:6:StartCronTask	72	static
../Core/Src/main.c:705:6:StartOutputTask	16	static
../Core/Src/main.c:741:6:StartConfigTask	48	static
../Core/Src/main.c:826:6:StartInputTask	352	static
../Core/Src/main.c:874:6:HAL_TIM_PeriodElapsedCallback	16	static
../Core/Src/main.c:891:6:Error_Handler	4	static,ignoring_inline_asm
