../Drivers/CMSIS/Include/core_cm4.h:1939:34:__NVIC_SystemReset	4	static,ignoring_inline_asm
../Core/Src/webserver.c:53:7:randomSSIDGeneration	24	static
../Core/Src/webserver.c:72:6:restartSSID	8	static
../Core/Src/webserver.c:80:5:MultiPartTabCount	32	static
../Core/Src/webserver.c:101:14:ssi_handler	168	static
../Core/Src/webserver.c:447:13:FormCGI_Handler	32	static
../Core/Src/webserver.c:476:13:LoginCGI_Handler	32	static
../Core/Src/webserver.c:501:13:SelectCGI_Handler	32	static
../Core/Src/webserver.c:529:13:RelayCGI_Handler	32	static
../Core/Src/webserver.c:556:13:ButtonCGI_Handler	48	static
../Core/Src/webserver.c:625:13:SettingCGI_Handler	32	static
../Core/Src/webserver.c:654:13:TimerCGI_Handler	32	static
../Core/Src/webserver.c:681:13:LogoutCGI_Handler	24	static
../Core/Src/webserver.c:693:13:TabjsonCGI_Handler	32	static
../Core/Src/webserver.c:733:13:SelectSetCGI_Handler	40	static
../Core/Src/webserver.c:779:13:FormRelayCGI_Handler	32	static
../Core/Src/webserver.c:816:13:FormButtonCGI_Handler	32	static
../Core/Src/webserver.c:853:13:FormPinToPinCGI_Handler	32	static
../Core/Src/webserver.c:889:13:OnOffSetCGI_Handler	40	static
../Core/Src/webserver.c:936:14:FormjsonCGI_Handler	32	static
../Core/Src/webserver.c:966:14:SettingsCGI_Handler	32	static
../Core/Src/webserver.c:993:14:FormcronCGI_Handler	32	static
../Core/Src/webserver.c:1027:13:CronCGI_Handler	40	static
../Core/Src/webserver.c:1062:13:RebootCGI_Handler	32	static
../Core/Src/webserver.c:1097:13:ApiCGI_Handler	48	static
../Core/Src/webserver.c:1146:6:setPinRelay	24	static
../Core/Src/webserver.c:1170:6:setPinButtom	24	static
../Core/Src/webserver.c:1197:6:setCron	80	static
../Core/Src/webserver.c:1215:6:url_decode	32	static
../Core/Src/webserver.c:1237:6:parserIP	24	static
../Core/Src/webserver.c:1253:6:setSettings	96	static
../Core/Src/webserver.c:1331:7:httpd_post_begin	32	static
../Core/Src/webserver.c:1365:7:httpd_post_receive_data	16	static
../Core/Src/webserver.c:1397:6:httpd_post_finished	56	static
../Core/Src/webserver.c:1486:6:http_server_init	8	static
