core_cm4.h:1939:34:__NVIC_SystemReset	4	static,ignoring_inline_asm
webserver.c:53:7:randomSSIDGeneration	24	static
webserver.c:72:6:restartSSID	8	static
webserver.c:80:5:MultiPartTabCount	32	static
webserver.c:101:14:ssi_handler	168	static
webserver.c:447:13:FormCGI_Handler	32	static
webserver.c:476:13:LoginCGI_Handler	32	static
webserver.c:503:13:SelectCGI_Handler	32	static
webserver.c:531:13:RelayCGI_Handler	32	static
webserver.c:558:13:ButtonCGI_Handler	48	static
webserver.c:627:13:SettingCGI_Handler	32	static
webserver.c:656:13:TimerCGI_Handler	32	static
webserver.c:683:13:LogoutCGI_Handler	24	static
webserver.c:695:13:TabjsonCGI_Handler	32	static
webserver.c:735:13:SelectSetCGI_Handler	40	static
webserver.c:781:13:FormRelayCGI_Handler	32	static
webserver.c:818:13:FormButtonCGI_Handler	32	static
webserver.c:855:13:FormPinToPinCGI_Handler	32	static
webserver.c:891:13:OnOffSetCGI_Handler	40	static
webserver.c:938:14:FormjsonCGI_Handler	32	static
webserver.c:968:14:SettingsCGI_Handler	32	static
webserver.c:995:14:FormcronCGI_Handler	32	static
webserver.c:1029:13:CronCGI_Handler	40	static
webserver.c:1064:13:RebootCGI_Handler	32	static
webserver.c:1099:13:ApiCGI_Handler	48	static
webserver.c:1148:6:setPinRelay	24	static
webserver.c:1172:6:setPinButtom	24	static
webserver.c:1199:6:setCron	80	static
webserver.c:1217:6:url_decode	32	static
webserver.c:1239:6:parserIP	24	static
webserver.c:1255:6:setSettings	96	static
webserver.c:1333:7:httpd_post_begin	32	static
webserver.c:1367:7:httpd_post_receive_data	16	static
webserver.c:1399:6:httpd_post_finished	56	static
webserver.c:1488:6:http_server_init	8	static
